Component: ARM Compiler 5.06 update 7 (build 960) Tool: armlink [4d3601]

==============================================================================

Section Cross References

    main.o(i.TIM3_IRQHandler) refers to stm32f10x_tim.o(i.TIM_GetITStatus) for TIM_GetITStatus
    main.o(i.TIM3_IRQHandler) refers to stm32f10x_tim.o(i.TIM_ClearITPendingBit) for TIM_ClearITPendingBit
    main.o(i.TIM3_IRQHandler) refers to main.o(.data) for g_tim3_1ms_cnt
    main.o(i.TIM3_Int_Init) refers to stm32f10x_rcc.o(i.RCC_APB1PeriphClockCmd) for RCC_APB1PeriphClockCmd
    main.o(i.TIM3_Int_Init) refers to stm32f10x_tim.o(i.TIM_TimeBaseInit) for TIM_TimeBaseInit
    main.o(i.TIM3_Int_Init) refers to stm32f10x_tim.o(i.TIM_ITConfig) for TIM_ITConfig
    main.o(i.TIM3_Int_Init) refers to misc.o(i.NVIC_Init) for NVIC_Init
    main.o(i.TIM3_Int_Init) refers to stm32f10x_tim.o(i.TIM_Cmd) for TIM_Cmd
    main.o(i.USART3_Init) refers to stm32f10x_rcc.o(i.RCC_APB2PeriphClockCmd) for RCC_APB2PeriphClockCmd
    main.o(i.USART3_Init) refers to stm32f10x_rcc.o(i.RCC_APB1PeriphClockCmd) for RCC_APB1PeriphClockCmd
    main.o(i.USART3_Init) refers to stm32f10x_gpio.o(i.GPIO_Init) for GPIO_Init
    main.o(i.USART3_Init) refers to stm32f10x_usart.o(i.USART_Init) for USART_Init
    main.o(i.USART3_Init) refers to stm32f10x_usart.o(i.USART_Cmd) for USART_Cmd
    main.o(i.USART3_SendString) refers to stm32f10x_usart.o(i.USART_GetFlagStatus) for USART_GetFlagStatus
    main.o(i.USART3_SendString) refers to stm32f10x_usart.o(i.USART_SendData) for USART_SendData
    main.o(i.convertDMStoDD) refers to scanf_fp.o(.text) for _scanf_real
    main.o(i.convertDMStoDD) refers to __0sscanf.o(.text) for __0sscanf
    main.o(i.convertDMStoDD) refers to fdiv.o(.text) for __aeabi_fdiv
    main.o(i.convertDMStoDD) refers to ffixi.o(.text) for __aeabi_f2iz
    main.o(i.convertDMStoDD) refers to fflti.o(.text) for __aeabi_i2f
    main.o(i.convertDMStoDD) refers to fadd.o(.text) for __aeabi_frsub
    main.o(i.errorLog) refers to printfa.o(i.__0printf) for __2printf
    main.o(i.main) refers to misc.o(i.NVIC_PriorityGroupConfig) for NVIC_PriorityGroupConfig
    main.o(i.main) refers to delay.o(i.delay_init) for delay_init
    main.o(i.main) refers to usart.o(i.uart_init) for uart_init
    main.o(i.main) refers to esp8266.o(i.Usart2_Init) for Usart2_Init
    main.o(i.main) refers to main.o(i.USART3_Init) for USART3_Init
    main.o(i.main) refers to led.o(i.LED_Init) for LED_Init
    main.o(i.main) refers to oled.o(i.OLED_Init) for OLED_Init
    main.o(i.main) refers to main.o(i.TIM3_Int_Init) for TIM3_Int_Init
    main.o(i.main) refers to adc.o(i.ADCx_Init) for ADCx_Init
    main.o(i.main) refers to esp8266.o(i.ESP8266_Init) for ESP8266_Init
    main.o(i.main) refers to delay.o(i.delay_ms) for delay_ms
    main.o(i.main) refers to onenet.o(i.OneNet_DevLink) for OneNet_DevLink
    main.o(i.main) refers to oled.o(i.show) for show
    main.o(i.main) refers to max30102.o(i.MX_GPIO_Init) for MX_GPIO_Init
    main.o(i.main) refers to max30102.o(i.max30102_init) for max30102_init
    main.o(i.main) refers to key.o(i.Key_GPIO_Config) for Key_GPIO_Config
    main.o(i.main) refers to max30102.o(i.max30102_FIFO_ReadBytes) for max30102_FIFO_ReadBytes
    main.o(i.main) refers to algorithm.o(i.maxim_heart_rate_and_oxygen_saturation) for maxim_heart_rate_and_oxygen_saturation
    main.o(i.main) refers to main.o(i.USART3_SendString) for USART3_SendString
    main.o(i.main) refers to printfa.o(i.__0sprintf) for __2sprintf
    main.o(i.main) refers to oled.o(i.OLED_ShowStr) for OLED_ShowStr
    main.o(i.main) refers to key.o(i.Key_Scan1) for Key_Scan1
    main.o(i.main) refers to main.o(.data) for n_ir_buffer_length
    main.o(i.main) refers to main.o(.bss) for aun_red_buffer
    main.o(i.main) refers to ffltui.o(.text) for __aeabi_ui2f
    main.o(i.main) refers to fdiv.o(.text) for __aeabi_fdiv
    main.o(i.main) refers to fmul.o(.text) for __aeabi_fmul
    main.o(i.main) refers to ffixi.o(.text) for __aeabi_f2iz
    main.o(i.main) refers to fflti.o(.text) for __aeabi_i2f
    main.o(i.main) refers to cfcmple.o(.text) for __aeabi_cfcmpeq
    main.o(i.main) refers to cfrcmple.o(.text) for __aeabi_cfrcmple
    main.o(i.main) refers to f2d.o(.text) for __aeabi_f2d
    main.o(i.main) refers to ffixui.o(.text) for __aeabi_f2uiz
    main.o(i.main) refers to onenet.o(i.OneNet_SendData) for OneNet_SendData
    main.o(i.main) refers to esp8266.o(i.ESP8266_Clear) for ESP8266_Clear
    main.o(i.main) refers to onenet.o(i.OneNet_SendDataa) for OneNet_SendDataa
    main.o(i.main) refers to esp8266.o(i.ESP8266_GetIPD) for ESP8266_GetIPD
    main.o(i.main) refers to onenet.o(i.OneNet_RevPro) for OneNet_RevPro
    main.o(i.parseGpsBuffer) refers to printfa.o(i.__0printf) for __2printf
    main.o(i.parseGpsBuffer) refers to strstr.o(.text) for strstr
    main.o(i.parseGpsBuffer) refers to main.o(i.errorLog) for errorLog
    main.o(i.parseGpsBuffer) refers to memcpya.o(.text) for __aeabi_memcpy
[...]
    i.MQTT_NewBuffer                         0x08001866   Section        0  mqttkit.o(i.MQTT_NewBuffer)
    i.MQTT_PacketCmdResp                     0x080018c0   Section        0  mqttkit.o(i.MQTT_PacketCmdResp)
    i.MQTT_PacketConnect                     0x0800194c   Section        0  mqttkit.o(i.MQTT_PacketConnect)
    i.MQTT_PacketPublish                     0x08001bec   Section        0  mqttkit.o(i.MQTT_PacketPublish)
    i.MQTT_PacketSaveData                    0x08001d90   Section        0  mqttkit.o(i.MQTT_PacketSaveData)
    i.MQTT_ReadLength                        0x08001dec   Section        0  mqttkit.o(i.MQTT_ReadLength)
    i.MQTT_UnPacketCmd                       0x08001e32   Section        0  mqttkit.o(i.MQTT_UnPacketCmd)
    i.MQTT_UnPacketConnectAck                0x08001ebe   Section        0  mqttkit.o(i.MQTT_UnPacketConnectAck)
    i.MQTT_UnPacketPublishAck                0x08001edc   Section        0  mqttkit.o(i.MQTT_UnPacketPublishAck)
    i.MQTT_UnPacketRecv                      0x08001efc   Section        0  mqttkit.o(i.MQTT_UnPacketRecv)
    i.MX_GPIO_Init                           0x08001f70   Section        0  max30102.o(i.MX_GPIO_Init)
    i.MemManage_Handler                      0x08001fbc   Section        0  stm32f10x_it.o(i.MemManage_Handler)
    i.NMI_Handler                            0x08001fc0   Section        0  stm32f10x_it.o(i.NMI_Handler)
    i.NVIC_Init                              0x08001fc4   Section        0  misc.o(i.NVIC_Init)
    i.NVIC_PriorityGroupConfig               0x08002034   Section        0  misc.o(i.NVIC_PriorityGroupConfig)
    i.OLED_CLS                               0x08002048   Section        0  oled.o(i.OLED_CLS)
    i.OLED_Fill                              0x08002052   Section        0  oled.o(i.OLED_Fill)
    i.OLED_Init                              0x0800208c   Section        0  oled.o(i.OLED_Init)
    i.OLED_SetPos                            0x08002146   Section        0  oled.o(i.OLED_SetPos)
    i.OLED_ShowCN                            0x08002170   Section        0  oled.o(i.OLED_ShowCN)
    i.OLED_ShowStr                           0x080021c4   Section        0  oled.o(i.OLED_ShowStr)
    i.OLED_progress_bar                      0x080022b0   Section        0  oled.o(i.OLED_progress_bar)
    i.OneNet_DevLink                         0x08002d90   Section        0  onenet.o(i.OneNet_DevLink)
    i.OneNet_FillB                           0x08002ecc   Section        0  onenet.o(i.OneNet_FillB)
    i.OneNet_FillBuf                         0x08003054   Section        0  onenet.o(i.OneNet_FillBuf)
    i.OneNet_RevPro                          0x080031c0   Section        0  onenet.o(i.OneNet_RevPro)
    i.OneNet_SendData                        0x08003928   Section        0  onenet.o(i.OneNet_SendData)
    i.OneNet_SendDataa                       0x08003998   Section        0  onenet.o(i.OneNet_SendDataa)
    i.PendSV_Handler                         0x08003a08   Section        0  stm32f10x_it.o(i.PendSV_Handler)
    i.RCC_ADCCLKConfig                       0x08003a0c   Section        0  stm32f10x_rcc.o(i.RCC_ADCCLKConfig)
    i.RCC_AHBPeriphClockCmd                  0x08003a24   Section        0  stm32f10x_rcc.o(i.RCC_AHBPeriphClockCmd)
    i.RCC_APB1PeriphClockCmd                 0x08003a44   Section        0  stm32f10x_rcc.o(i.RCC_APB1PeriphClockCmd)
    i.RCC_APB1PeriphResetCmd                 0x08003a64   Section        0  stm32f10x_rcc.o(i.RCC_APB1PeriphResetCmd)
    i.RCC_APB2PeriphClockCmd                 0x08003a84   Section        0  stm32f10x_rcc.o(i.RCC_APB2PeriphClockCmd)
    i.RCC_GetClocksFreq                      0x08003aa4   Section        0  stm32f10x_rcc.o(i.RCC_GetClocksFreq)
    i.SVC_Handler                            0x08003b78   Section        0  stm32f10x_it.o(i.SVC_Handler)
    i.SetSysClock                            0x08003b7a   Section        0  system_stm32f10x.o(i.SetSysClock)
    SetSysClock                              0x08003b7b   Thumb Code     8  system_stm32f10x.o(i.SetSysClock)
    i.SetSysClockTo72                        0x08003b84   Section        0  system_stm32f10x.o(i.SetSysClockTo72)
    SetSysClockTo72                          0x08003b85   Thumb Code   214  system_stm32f10x.o(i.SetSysClockTo72)
    i.SysTick_CLKSourceConfig                0x08003c64   Section        0  misc.o(i.SysTick_CLKSourceConfig)
    i.SystemInit                             0x08003c8c   Section        0  system_stm32f10x.o(i.SystemInit)
    i.TIM3_IRQHandler                        0x08003cec   Section        0  main.o(i.TIM3_IRQHandler)
    i.TIM3_Int_Init                          0x08003d98   Section        0  main.o(i.TIM3_Int_Init)
    i.TIM_ClearITPendingBit                  0x08003df4   Section        0  stm32f10x_tim.o(i.TIM_ClearITPendingBit)
    i.TIM_Cmd                                0x08003dfa   Section        0  stm32f10x_tim.o(i.TIM_Cmd)
    i.TIM_GetITStatus                        0x08003e12   Section        0  stm32f10x_tim.o(i.TIM_GetITStatus)
    i.TIM_ITConfig                           0x08003e34   Section        0  stm32f10x_tim.o(i.TIM_ITConfig)
    i.TIM_TimeBaseInit                       0x08003e48   Section        0  stm32f10x_tim.o(i.TIM_TimeBaseInit)
    i.USART1_IRQHandler                      0x08003eec   Section        0  usart.o(i.USART1_IRQHandler)
    i.USART2_IRQHandler                      0x08003f84   Section        0  esp8266.o(i.USART2_IRQHandler)
    i.USART3_Init                            0x08003fd0   Section        0  main.o(i.USART3_Init)
    i.USART3_SendString                      0x08004050   Section        0  main.o(i.USART3_SendString)
    i.USART_ClearFlag                        0x08004088   Section        0  stm32f10x_usart.o(i.USART_ClearFlag)
    i.USART_Cmd                              0x0800409a   Section        0  stm32f10x_usart.o(i.USART_Cmd)
    i.USART_GetFlagStatus                    0x080040b2   Section        0  stm32f10x_usart.o(i.USART_GetFlagStatus)
    i.USART_GetITStatus                      0x080040cc   Section        0  stm32f10x_usart.o(i.USART_GetITStatus)
    i.USART_ITConfig                         0x08004120   Section        0  stm32f10x_usart.o(i.USART_ITConfig)
    i.USART_Init                             0x0800416c   Section        0  stm32f10x_usart.o(i.USART_Init)
    i.USART_ReceiveData                      0x08004244   Section        0  stm32f10x_usart.o(i.USART_ReceiveData)
    i.USART_SendData                         0x0800424e   Section        0  stm32f10x_usart.o(i.USART_SendData)
    i.UsageFault_Handler                     0x08004256   Section        0  stm32f10x_it.o(i.UsageFault_Handler)
    i.Usart2_Init                            0x0800425c   Section        0  esp8266.o(i.Usart2_Init)
    i.Usart2_SendString                      0x08004308   Section        0  esp8266.o(i.Usart2_SendString)
    i.WriteCmd                               0x08004338   Section        0  oled.o(i.WriteCmd)
    i.WriteDat                               0x08004346   Section        0  oled.o(i.WriteDat)
    i.__0printf                              0x08004354   Section        0  printfa.o(i.__0printf)
    i.__0sprintf                             0x08004374   Section        0  printfa.o(i.__0sprintf)
    i.__aeabi_errno_addr                     0x0800439c   Section        0  errno.o(i.__aeabi_errno_addr)
    i.__scatterload_copy                     0x080043a4   Section       14  handlers.o(i.__scatterload_copy)
    i.__scatterload_null                     0x080043b2   Section        2  handlers.o(i.__scatterload_null)
    i.__scatterload_zeroinit                 0x080043b4   Section       14  handlers.o(i.__scatterload_zeroinit)
    i._fp_digits                             0x080043c4   Section        0  printfa.o(i._fp_digits)
    _fp_digits                               0x080043c5   Thumb Code   366  printfa.o(i._fp_digits)
    i._printf_core                           0x08004548   Section        0  printfa.o(i._printf_core)
    _printf_core                             0x08004549   Thumb Code  1704  printfa.o(i._printf_core)
    i._printf_post_padding                   0x08004bfc   Section        0  printfa.o(i._printf_post_padding)
    _printf_post_padding                     0x08004bfd   Thumb Code    36  printfa.o(i._printf_post_padding)
    i._printf_pre_padding                    0x08004c20   Section        0  printfa.o(i._printf_pre_padding)
    _printf_pre_padding                      0x08004c21   Thumb Code    46  printfa.o(i._printf_pre_padding)
    i._sputc                                 0x08004c4e   Section        0  printfa.o(i._sputc)
    _sputc                                   0x08004c4f   Thumb Code    10  printfa.o(i._sputc)
    i.delay_init                             0x08004c58   Section        0  delay.o(i.delay_init)
    i.delay_ms                               0x08004c9c   Section        0  delay.o(i.delay_ms)
    i.delay_us                               0x08004ce8   Section        0  delay.o(i.delay_us)
    i.fputc                                  0x08004d34   Section        0  usart.o(i.fputc)
    i.free                                   0x08004d50   Section        0  malloc.o(i.free)
    i.iic_Ack                                0x08004da0   Section        0  myiic.o(i.iic_Ack)
    i.iic_Init                               0x08004df0   Section        0  myiic.o(i.iic_Init)
    i.iic_NAck                               0x08004e08   Section        0  myiic.o(i.iic_NAck)
    i.iic_Read_Byte                          0x08004e58   Section        0  myiic.o(i.iic_Read_Byte)
    i.iic_Send_Byte                          0x08004ec8   Section        0  myiic.o(i.iic_Send_Byte)
    i.iic_Start                              0x08004f30   Section        0  myiic.o(i.iic_Start)
    i.iic_Stop                               0x08004f7c   Section        0  myiic.o(i.iic_Stop)
    i.iic_Wait_Ack                           0x08004fc8   Section        0  myiic.o(i.iic_Wait_Ack)
    i.main                                   0x0800502c   Section        0  main.o(i.main)
    i.malloc                                 0x0800583c   Section        0  malloc.o(i.malloc)
    i.max30102_Bus_Read                      0x080058a8   Section        0  max30102.o(i.max30102_Bus_Read)
    i.max30102_Bus_Write                     0x080058fa   Section        0  max30102.o(i.max30102_Bus_Write)
    i.max30102_FIFO_ReadBytes                0x0800593e   Section        0  max30102.o(i.max30102_FIFO_ReadBytes)
    i.max30102_init                          0x080059be   Section        0  max30102.o(i.max30102_init)
    i.max30102_reset                         0x08005a22   Section        0  max30102.o(i.max30102_reset)
    i.maxim_find_peaks                       0x08005a36   Section        0  algorithm.o(i.maxim_find_peaks)
    i.maxim_heart_rate_and_oxygen_saturation 0x08005a78   Section        0  algorithm.o(i.maxim_heart_rate_and_oxygen_saturation)
    i.maxim_peaks_above_min_height           0x08005f78   Section        0  algorithm.o(i.maxim_peaks_above_min_height)
    i.maxim_remove_close_peaks               0x08005ff2   Section        0  algorithm.o(i.maxim_remove_close_peaks)
    i.maxim_sort_ascend                      0x08006064   Section        0  algorithm.o(i.maxim_sort_ascend)
    i.maxim_sort_indices_descend             0x0800609a   Section        0  algorithm.o(i.maxim_sort_indices_descend)
    i.show                                   0x080060da   Section        0  oled.o(i.show)
    i.uart_init                              0x080060e4   Section        0  usart.o(i.uart_init)
    .constdata                               0x08006188   Section    15614  oled.o(.constdata)
    .constdata                               0x08009e86   Section      246  algorithm.o(.constdata)
    .constdata                               0x08009f7c   Section      129  ctype_o.o(.constdata)
    .constdata                               0x0800a000   Section        4  ctype_o.o(.constdata)
    table                                    0x0800a000   Data           4  ctype_o.o(.constdata)
    .data                                    0x20000000   Section      139  main.o(.data)
    sys_1s_cnt                               0x20000088   Data           2  main.o(.data)
    key_off_count                            0x2000008a   Data           1  main.o(.data)
    .data                                    0x2000008c   Section       20  system_stm32f10x.o(.data)
    .data                                    0x200000a0   Section        4  delay.o(.data)
    fac_us                                   0x200000a0   Data           1  delay.o(.data)
    fac_ms                                   0x200000a2   Data           2  delay.o(.data)
    .data                                    0x200000a4   Section       10  usart.o(.data)
    .data                                    0x200000ae   Section       20  stm32f10x_rcc.o(.data)
    APBAHBPrescTable                         0x200000ae   Data          16  stm32f10x_rcc.o(.data)
    ADCPrescTable                            0x200000be   Data           4  stm32f10x_rcc.o(.data)
    .data                                    0x200000c2   Section        4  esp8266.o(.data)
    .data                                    0x200000c6   Section     2880  oled.o(.data)
    .data                                    0x20000c08   Section        4  mvars.o(.data)
    .data                                    0x20000c0c   Section        4  mvars.o(.data)
    .data                                    0x20000c10   Section        4  errno.o(.data)
    _errno                                   0x20000c10   Data           4  errno.o(.data)
    .bss                                     0x20000c14   Section     4160  main.o(.bss)
    .bss                                     0x20001c54   Section      321  usart.o(.bss)
    .bss                                     0x20001d95   Section      128  esp8266.o(.bss)
    .bss                                     0x20001e18   Section     5984  algorithm.o(.bss)
    an_dx                                    0x20001e18   Data        1984  algorithm.o(.bss)
    an_x                                     0x200025d8   Data        2000  algorithm.o(.bss)
    an_y                                     0x20002da8   Data        2000  algorithm.o(.bss)
    HEAP                                     0x20003578   Section      512  startup_stm32f10x_md.o(HEAP)
    STACK                                    0x20003778   Section     1024  startup_stm32f10x_md.o(STACK)

    Global Symbols

    Symbol Name                              Value     Ov Type        Size  Object(Section)

    BuildAttributes$$THM_ISAv4$P$D$K$B$S$PE$A:L22UL41UL21$X:L11$S22US41US21$IEEE1$IW$USESV6$~STKCKD$USESV7$~SHL$OTIME$ROPI$EBA8$MICROLIB$REQ8$PRES8$EABIv2 0x00000000   Number         0  anon$$obj.o ABSOLUTE
    __ARM_use_no_argv                        0x00000000   Number         0  main.o ABSOLUTE
    __use_no_errno                           0x00000000   Number         0  useno.o ABSOLUTE
    __use_no_exception_handling              0x00000000   Number         0  useno.o ABSOLUTE
    __use_no_fp                              0x00000000   Number         0  useno.o ABSOLUTE
    __use_no_heap                            0x00000000   Number         0  useno.o ABSOLUTE
    __use_no_heap_region                     0x00000000   Number         0  useno.o ABSOLUTE
    __use_no_semihosting                     0x00000000   Number         0  useno.o ABSOLUTE
    __use_no_semihosting_swi                 0x00000000   Number         0  useno.o ABSOLUTE
    __use_no_signal_handling                 0x00000000   Number         0  useno.o ABSOLUTE
    _printf_a                                0x00000000   Number         0  stubs.o ABSOLUTE
    _printf_c                                0x00000000   Number         0  stubs.o ABSOLUTE
    _printf_charcount                        0x00000000   Number         0  stubs.o ABSOLUTE
    _printf_d                                0x00000000   Number         0  stubs.o ABSOLUTE
    _printf_e                                0x00000000   Number         0  stubs.o ABSOLUTE
    _printf_f                                0x00000000   Number         0  stubs.o ABSOLUTE
    _printf_flags                            0x00000000   Number         0  stubs.o ABSOLUTE
    _printf_fp_dec                           0x00000000   Number         0  stubs.o ABSOLUTE
    _printf_fp_hex                           0x00000000   Number         0  stubs.o ABSOLUTE
    _printf_g                                0x00000000   Number         0  stubs.o ABSOLUTE
    _printf_i                                0x00000000   Number         0  stubs.o ABSOLUTE
    _printf_int_dec                          0x00000000   Number         0  stubs.o ABSOLUTE
    _printf_l                                0x00000000   Number         0  stubs.o ABSOLUTE
    _printf_lc                               0x00000000   Number         0  stubs.o ABSOLUTE
    _printf_ll                               0x00000000   Number         0  stubs.o ABSOLUTE
    _printf_lld                              0x00000000   Number         0  stubs.o ABSOLUTE
    _printf_lli                              0x00000000   Number         0  stubs.o ABSOLUTE
    _printf_llo                              0x00000000   Number         0  stubs.o ABSOLUTE
    _printf_llu                              0x00000000   Number         0  stubs.o ABSOLUTE
    _printf_llx                              0x00000000   Number         0  stubs.o ABSOLUTE
    _printf_longlong_dec                     0x00000000   Number         0  stubs.o ABSOLUTE
    _printf_longlong_hex                     0x00000000   Number         0  stubs.o ABSOLUTE
    _printf_longlong_oct                     0x00000000   Number         0  stubs.o ABSOLUTE
    _printf_ls                               0x00000000   Number         0  stubs.o ABSOLUTE
    _printf_mbtowc                           0x00000000   Number         0  stubs.o ABSOLUTE
    _printf_n                                0x00000000   Number         0  stubs.o ABSOLUTE
    _printf_o                                0x00000000   Number         0  stubs.o ABSOLUTE
    _printf_p                                0x00000000   Number         0  stubs.o ABSOLUTE
    _printf_percent                          0x00000000   Number         0  stubs.o ABSOLUTE
    _printf_pre_padding                      0x00000000   Number         0  stubs.o ABSOLUTE
    _printf_return_value                     0x00000000   Number         0  stubs.o ABSOLUTE
    _printf_s                                0x00000000   Number         0  stubs.o ABSOLUTE
    _printf_sizespec                         0x00000000   Number         0  stubs.o ABSOLUTE
    _printf_str                              0x00000000   Number         0  stubs.o ABSOLUTE
    _printf_truncate_signed                  0x00000000   Number         0  stubs.o ABSOLUTE
    _printf_truncate_unsigned                0x00000000   Number         0  stubs.o ABSOLUTE
    _printf_u                                0x00000000   Number         0  stubs.o ABSOLUTE
    _printf_wc                               0x00000000   Number         0  stubs.o ABSOLUTE
    _printf_wctomb                           0x00000000   Number         0  stubs.o ABSOLUTE
    _printf_widthprec                        0x00000000   Number         0  stubs.o ABSOLUTE
    _printf_x                                0x00000000   Number         0  stubs.o ABSOLUTE
    __arm_fini_                               - Undefined Weak Reference
    __cpp_initialize__aeabi_                  - Undefined Weak Reference
    __cxa_finalize                            - Undefined Weak Reference
    _clock_init                               - Undefined Weak Reference
    _microlib_exit                            - Undefined Weak Reference
    _scanf_int                                - Undefined Weak Reference
    _scanf_longlong                           - Undefined Weak Reference
    _scanf_string                             - Undefined Weak Reference
    __Vectors_Size                           0x000000ec   Number         0  startup_stm32f10x_md.o ABSOLUTE
    __Vectors                                0x08000000   Data           4  startup_stm32f10x_md.o(RESET)
    __Vectors_End                            0x080000ec   Data           0  startup_stm32f10x_md.o(RESET)
    __main                                   0x080000ed   Thumb Code     0  entry.o(.ARM.Collect$$$$00000000)
    _main_stk                                0x080000ed   Thumb Code     0  entry2.o(.ARM.Collect$$$$00000001)
    _main_scatterload                        0x080000f1   Thumb Code     0  entry5.o(.ARM.Collect$$$$00000004)
    __main_after_scatterload                 0x080000f5   Thumb Code     0  entry5.o(.ARM.Collect$$$$00000004)
    _main_clock                              0x080000f5   Thumb Code     0  entry7b.o(.ARM.Collect$$$$00000008)
    _main_cpp_init                           0x080000f5   Thumb Code     0  entry8b.o(.ARM.Collect$$$$0000000A)
    _main_init                               0x080000f5   Thumb Code     0  entry9a.o(.ARM.Collect$$$$0000000B)
    __rt_lib_shutdown_fini                   0x080000fd   Thumb Code     0  entry12b.o(.ARM.Collect$$$$0000000E)
    __rt_final_cpp                           0x08000101   Thumb Code     0  entry10a.o(.ARM.Collect$$$$0000000F)
    __rt_final_exit                          0x08000101   Thumb Code     0  entry11a.o(.ARM.Collect$$$$00000011)
    Reset_Handler                            0x08000105   Thumb Code     8  startup_stm32f10x_md.o(.text)
    delay_Handler                            0x0800011d   Thumb Code     2  startup_stm32f10x_md.o(.text)
    ADC1_2_IRQHandler                        0x0800011f   Thumb Code     0  startup_stm32f10x_md.o(.text)
    CAN1_RX1_IRQHandler                      0x0800011f   Thumb Code     0  startup_stm32f10x_md.o(.text)
    CAN1_SCE_IRQHandler                      0x0800011f   Thumb Code     0  startup_stm32f10x_md.o(.text)
    DMA1_Channel1_IRQHandler                 0x0800011f   Thumb Code     0  startup_stm32f10x_md.o(.text)
    DMA1_Channel2_IRQHandler                 0x0800011f   Thumb Code     0  startup_stm32f10x_md.o(.text)
    DMA1_Channel3_IRQHandler                 0x0800011f   Thumb Code     0  startup_stm32f10x_md.o(.text)
    DMA1_Channel4_IRQHandler                 0x0800011f   Thumb Code     0  startup_stm32f10x_md.o(.text)
    DMA1_Channel5_IRQHandler                 0x0800011f   Thumb Code     0  startup_stm32f10x_md.o(.text)
    DMA1_Channel6_IRQHandler                 0x0800011f   Thumb Code     0  startup_stm32f10x_md.o(.text)
    DMA1_Channel7_IRQHandler                 0x0800011f   Thumb Code     0  startup_stm32f10x_md.o(.text)
    EXTI0_IRQHandler                         0x0800011f   Thumb Code     0  startup_stm32f10x_md.o(.text)
    EXTI15_10_IRQHandler                     0x0800011f   Thumb Code     0  startup_stm32f10x_md.o(.text)
    EXTI1_IRQHandler                         0x0800011f   Thumb Code     0  startup_stm32f10x_md.o(.text)
    EXTI2_IRQHandler                         0x0800011f   Thumb Code     0  startup_stm32f10x_md.o(.text)
    EXTI3_IRQHandler                         0x0800011f   Thumb Code     0  startup_stm32f10x_md.o(.text)
    EXTI4_IRQHandler                         0x0800011f   Thumb Code     0  startup_stm32f10x_md.o(.text)
    EXTI9_5_IRQHandler                       0x0800011f   Thumb Code     0  startup_stm32f10x_md.o(.text)
    FLASH_IRQHandler                         0x0800011f   Thumb Code     0  startup_stm32f10x_md.o(.text)
    I2C1_ER_IRQHandler                       0x0800011f   Thumb Code     0  startup_stm32f10x_md.o(.text)
    I2C1_EV_IRQHandler                       0x0800011f   Thumb Code     0  startup_stm32f10x_md.o(.text)
    I2C2_ER_IRQHandler                       0x0800011f   Thumb Code     0  startup_stm32f10x_md.o(.text)
    I2C2_EV_IRQHandler                       0x0800011f   Thumb Code     0  startup_stm32f10x_md.o(.text)
    PVD_IRQHandler                           0x0800011f   Thumb Code     0  startup_stm32f10x_md.o(.text)
    RCC_IRQHandler                           0x0800011f   Thumb Code     0  startup_stm32f10x_md.o(.text)
    RTCAlarm_IRQHandler                      0x0800011f   Thumb Code     0  startup_stm32f10x_md.o(.text)
    RTC_IRQHandler                           0x0800011f   Thumb Code     0  startup_stm32f10x_md.o(.text)
    SPI1_IRQHandler                          0x0800011f   Thumb Code     0  startup_stm32f10x_md.o(.text)
    SPI2_IRQHandler                          0x0800011f   Thumb Code     0  startup_stm32f10x_md.o(.text)
    TAMPER_IRQHandler                        0x0800011f   Thumb Code     0  startup_stm32f10x_md.o(.text)
    TIM1_BRK_IRQHandler                      0x0800011f   Thumb Code     0  startup_stm32f10x_md.o(.text)
    TIM1_CC_IRQHandler                       0x0800011f   Thumb Code     0  startup_stm32f10x_md.o(.text)
    TIM1_TRG_COM_IRQHandler                  0x0800011f   Thumb Code     0  startup_stm32f10x_md.o(.text)
    TIM1_UP_IRQHandler                       0x0800011f   Thumb Code     0  startup_stm32f10x_md.o(.text)
    TIM2_IRQHandler                          0x0800011f   Thumb Code     0  startup_stm32f10x_md.o(.text)
    TIM4_IRQHandler                          0x0800011f   Thumb Code     0  startup_stm32f10x_md.o(.text)
    USART3_IRQHandler                        0x0800011f   Thumb Code     0  startup_stm32f10x_md.o(.text)
    USBWakeUp_IRQHandler                     0x0800011f   Thumb Code     0  startup_stm32f10x_md.o(.text)
    USB_HP_CAN1_TX_IRQHandler                0x0800011f   Thumb Code     0  startup_stm32f10x_md.o(.text)
    USB_LP_CAN1_RX0_IRQHandler               0x0800011f   Thumb Code     0  startup_stm32f10x_md.o(.text)
    WWDG_IRQHandler                          0x0800011f   Thumb Code     0  startup_stm32f10x_md.o(.text)
    __aeabi_memcpy                           0x08000129   Thumb Code    36  memcpya.o(.text)
    __aeabi_memcpy4                          0x08000129   Thumb Code     0  memcpya.o(.text)
    __aeabi_memcpy8                          0x08000129   Thumb Code     0  memcpya.o(.text)
    __aeabi_memset                           0x0800014d   Thumb Code    14  memseta.o(.text)
    __aeabi_memset4                          0x0800014d   Thumb Code     0  memseta.o(.text)
    __aeabi_memset8                          0x0800014d   Thumb Code     0  memseta.o(.text)
    __aeabi_memclr                           0x0800015b   Thumb Code     4  memseta.o(.text)
    __aeabi_memclr4                          0x0800015b   Thumb Code     0  memseta.o(.text)
    __aeabi_memclr8                          0x0800015b   Thumb Code     0  memseta.o(.text)
    _memset$wrapper                          0x0800015f   Thumb Code    18  memseta.o(.text)
    strcat                                   0x08000171   Thumb Code    24  strcat.o(.text)
    strstr                                   0x08000189   Thumb Code    36  strstr.o(.text)
    strchr                                   0x080001ad   Thumb Code    20  strchr.o(.text)
    strlen                                   0x080001c1   Thumb Code    14  strlen.o(.text)
    strncat                                  0x080001cf   Thumb Code    40  strncat.o(.text)
    strcpy                                   0x080001f7   Thumb Code    18  strcpy.o(.text)
    atoi                                     0x08000209   Thumb Code    26  atoi.o(.text)
    __aeabi_fmul                             0x08000223   Thumb Code   100  fmul.o(.text)
    __aeabi_fdiv                             0x08000287   Thumb Code   124  fdiv.o(.text)
    __aeabi_i2f                              0x08000303   Thumb Code    18  fflti.o(.text)
    __aeabi_ui2f                             0x08000315   Thumb Code    10  ffltui.o(.text)
    __aeabi_f2iz                             0x0800031f   Thumb Code    50  ffixi.o(.text)
    __aeabi_f2uiz                            0x08000351   Thumb Code    40  ffixui.o(.text)
    __aeabi_f2d                              0x08000379   Thumb Code    38  f2d.o(.text)
    __aeabi_cfcmpeq                          0x080003a1   Thumb Code     0  cfcmple.o(.text)
    __aeabi_cfcmple                          0x080003a1   Thumb Code    20  cfcmple.o(.text)
    __aeabi_cfrcmple                         0x080003b5   Thumb Code    20  cfrcmple.o(.text)
    __aeabi_uidiv                            0x080003c9   Thumb Code     0  uidiv.o(.text)
    __aeabi_uidivmod                         0x080003c9   Thumb Code    44  uidiv.o(.text)
    __aeabi_uldivmod                         0x080003f5   Thumb Code    98  uldiv.o(.text)
    strtol                                   0x08000457   Thumb Code   112  strtol.o(.text)
    __I$use$fp                               0x080004c7   Thumb Code     0  iusefp.o(.text)
    _float_round                             0x080004c7   Thumb Code    18  fepilogue.o(.text)
    _float_epilogue                          0x080004d9   Thumb Code    92  fepilogue.o(.text)
    __aeabi_dadd                             0x08000535   Thumb Code   322  dadd.o(.text)
    __aeabi_dsub                             0x08000677   Thumb Code     6  dadd.o(.text)
    __aeabi_drsub                            0x0800067d   Thumb Code     6  dadd.o(.text)
    __aeabi_dmul                             0x08000683   Thumb Code   228  dmul.o(.text)
    __aeabi_ddiv                             0x08000767   Thumb Code   222  ddiv.o(.text)
    __aeabi_d2ulz                            0x08000845   Thumb Code    48  dfixul.o(.text)
    __aeabi_cdrcmple                         0x08000875   Thumb Code    48  cdrcmple.o(.text)
    __scatterload                            0x080008a5   Thumb Code    28  init.o(.text)
    __scatterload_rt2                        0x080008a5   Thumb Code     0  init.o(.text)
    __aeabi_llsl                             0x080008c9   Thumb Code    30  llshl.o(.text)
    _ll_shift_l                              0x080008c9   Thumb Code     0  llshl.o(.text)
    __aeabi_llsr                             0x080008e7   Thumb Code    32  llushr.o(.text)
    _ll_ushift_r                             0x080008e7   Thumb Code     0  llushr.o(.text)
    __aeabi_lasr                             0x08000907   Thumb Code    36  llsshr.o(.text)
    _ll_sshift_r                             0x08000907   Thumb Code     0  llsshr.o(.text)
    __rt_ctype_table                         0x0800092d   Thumb Code     4  ctype_o.o(.text)
    _strtoul                                 0x08000935   Thumb Code   158  _strtoul.o(.text)
    _double_round                            0x080009d3   Thumb Code    30  depilogue.o(.text)
    _double_epilogue                         0x080009f1   Thumb Code   156  depilogue.o(.text)
    _chval                                   0x08000a8d   Thumb Code    28  _chval.o(.text)
    __decompress                             0x08000aa9   Thumb Code     0  __dczerorl2.o(.text)
    __decompress1                            0x08000aa9   Thumb Code    86  __dczerorl2.o(.text)
    ADC_Cmd                                  0x08000aff   Thumb Code    22  stm32f10x_adc.o(i.ADC_Cmd)
    ADC_DMACmd                               0x08000b15   Thumb Code    22  stm32f10x_adc.o(i.ADC_DMACmd)
    ADC_GetCalibrationStatus                 0x08000b2b   Thumb Code    20  stm32f10x_adc.o(i.ADC_GetCalibrationStatus)
    ADC_GetResetCalibrationStatus            0x08000b3f   Thumb Code    20  stm32f10x_adc.o(i.ADC_GetResetCalibrationStatus)
    ADC_Init                                 0x08000b55   Thumb Code    70  stm32f10x_adc.o(i.ADC_Init)
    ADC_RegularChannelConfig                 0x08000ba5   Thumb Code   184  stm32f10x_adc.o(i.ADC_RegularChannelConfig)
    ADC_ResetCalibration                     0x08000c5d   Thumb Code    10  stm32f10x_adc.o(i.ADC_ResetCalibration)
    ADC_SoftwareStartConvCmd                 0x08000c67   Thumb Code    22  stm32f10x_adc.o(i.ADC_SoftwareStartConvCmd)
    ADC_StartCalibration                     0x08000c7d   Thumb Code    10  stm32f10x_adc.o(i.ADC_StartCalibration)
    ADCx_Init                                0x08000cc5   Thumb Code    12  adc.o(i.ADCx_Init)
    BusFault_Handler                         0x08000ddd   Thumb Code     4  stm32f10x_it.o(i.BusFault_Handler)
    CLR_Buf                                  0x08000de1   Thumb Code    18  usart.o(i.CLR_Buf)
    DMA_Cmd                                  0x08000dfd   Thumb Code    24  stm32f10x_dma.o(i.DMA_Cmd)
    DMA_DeInit                               0x08000e15   Thumb Code   324  stm32f10x_dma.o(i.DMA_DeInit)
    DMA_Init                                 0x08000f61   Thumb Code    60  stm32f10x_dma.o(i.DMA_Init)
    DebugMon_Handler                         0x08000f9d   Thumb Code     2  stm32f10x_it.o(i.DebugMon_Handler)
    ESP8266_Clear                            0x08000fa1   Thumb Code    18  esp8266.o(i.ESP8266_Clear)
    ESP8266_GetIPD                           0x08000fbd   Thumb Code    68  esp8266.o(i.ESP8266_GetIPD)
    ESP8266_Init                             0x0800100d   Thumb Code   442  esp8266.o(i.ESP8266_Init)
    ESP8266_SendCmd                          0x08001261   Thumb Code    74  esp8266.o(i.ESP8266_SendCmd)
    ESP8266_SendData                         0x080012b1   Thumb Code    46  esp8266.o(i.ESP8266_SendData)
    ESP8266_WaitRecive                       0x080012f5   Thumb Code    42  esp8266.o(i.ESP8266_WaitRecive)
    GPIO_Init                                0x08001329   Thumb Code   278  stm32f10x_gpio.o(i.GPIO_Init)
    GPIO_ReadInputDataBit                    0x0800143f   Thumb Code    18  stm32f10x_gpio.o(i.GPIO_ReadInputDataBit)
    GPIO_ResetBits                           0x08001451   Thumb Code     4  stm32f10x_gpio.o(i.GPIO_ResetBits)
    GPIO_SetBits                             0x08001455   Thumb Code     4  stm32f10x_gpio.o(i.GPIO_SetBits)
    GPIO_WriteBit                            0x08001459   Thumb Code    10  stm32f10x_gpio.o(i.GPIO_WriteBit)
    HardFault_Handler                        0x08001463   Thumb Code     4  stm32f10x_it.o(i.HardFault_Handler)
    I2C_CheckEvent                           0x08001467   Thumb Code    42  stm32f10x_i2c.o(i.I2C_CheckEvent)
    I2C_Cmd                                  0x08001491   Thumb Code    24  stm32f10x_i2c.o(i.I2C_Cmd)
    I2C_Configuration                        0x080014a9   Thumb Code   110  oled.o(i.I2C_Configuration)
    I2C_DeInit                               0x08001525   Thumb Code    50  stm32f10x_i2c.o(i.I2C_DeInit)
    I2C_GenerateSTART                        0x0800155d   Thumb Code    24  stm32f10x_i2c.o(i.I2C_GenerateSTART)
    I2C_GenerateSTOP                         0x08001575   Thumb Code    24  stm32f10x_i2c.o(i.I2C_GenerateSTOP)
    I2C_GetFlagStatus                        0x0800158d   Thumb Code    58  stm32f10x_i2c.o(i.I2C_GetFlagStatus)
    I2C_Init                                 0x080015c9   Thumb Code   222  stm32f10x_i2c.o(i.I2C_Init)
    I2C_Send7bitAddress                      0x080016b5   Thumb Code    18  stm32f10x_i2c.o(i.I2C_Send7bitAddress)
    I2C_SendData                             0x080016c7   Thumb Code     4  stm32f10x_i2c.o(i.I2C_SendData)
    I2C_WriteByte                            0x080016cd   Thumb Code   126  oled.o(i.I2C_WriteByte)
    Key_GPIO_Config                          0x08001759   Thumb Code    40  key.o(i.Key_GPIO_Config)
    Key_Scan1                                0x08001785   Thumb Code    24  key.o(i.Key_Scan1)
    LED_Init                                 0x0800179d   Thumb Code   110  led.o(i.LED_Init)
    MQTT_DeleteBuffer                        0x0800181d   Thumb Code    28  mqttkit.o(i.MQTT_DeleteBuffer)
    MQTT_DumpLength                          0x08001839   Thumb Code    46  mqttkit.o(i.MQTT_DumpLength)
    MQTT_NewBuffer                           0x08001867   Thumb Code    88  mqttkit.o(i.MQTT_NewBuffer)
    MQTT_PacketCmdResp                       0x080018c1   Thumb Code   132  mqttkit.o(i.MQTT_PacketCmdResp)
    MQTT_PacketConnect                       0x0800194d   Thumb Code   666  mqttkit.o(i.MQTT_PacketConnect)
    MQTT_PacketPublish                       0x08001bed   Thumb Code   418  mqttkit.o(i.MQTT_PacketPublish)
    MQTT_PacketSaveData                      0x08001d91   Thumb Code    88  mqttkit.o(i.MQTT_PacketSaveData)
    MQTT_ReadLength                          0x08001ded   Thumb Code    70  mqttkit.o(i.MQTT_ReadLength)
    MQTT_UnPacketCmd                         0x08001e33   Thumb Code   140  mqttkit.o(i.MQTT_UnPacketCmd)
    MQTT_UnPacketConnectAck                  0x08001ebf   Thumb Code    30  mqttkit.o(i.MQTT_UnPacketConnectAck)
    MQTT_UnPacketPublishAck                  0x08001edd   Thumb Code    30  mqttkit.o(i.MQTT_UnPacketPublishAck)
    MQTT_UnPacketRecv                        0x08001efd   Thumb Code   106  mqttkit.o(i.MQTT_UnPacketRecv)
    MX_GPIO_Init                             0x08001f71   Thumb Code    72  max30102.o(i.MX_GPIO_Init)
    MemManage_Handler                        0x08001fbd   Thumb Code     4  stm32f10x_it.o(i.MemManage_Handler)
    NMI_Handler                              0x08001fc1   Thumb Code     2  stm32f10x_it.o(i.NMI_Handler)
    NVIC_Init                                0x08001fc5   Thumb Code   100  misc.o(i.NVIC_Init)
    NVIC_PriorityGroupConfig                 0x08002035   Thumb Code    10  misc.o(i.NVIC_PriorityGroupConfig)
    OLED_CLS                                 0x08002049   Thumb Code    10  oled.o(i.OLED_CLS)
    OLED_Fill                                0x08002053   Thumb Code    58  oled.o(i.OLED_Fill)
    OLED_Init                                0x0800208d   Thumb Code   186  oled.o(i.OLED_Init)
    OLED_SetPos                              0x08002147   Thumb Code    40  oled.o(i.OLED_SetPos)
    OLED_ShowCN                              0x08002171   Thumb Code    80  oled.o(i.OLED_ShowCN)
    OLED_ShowStr                             0x080021c5   Thumb Code   228  oled.o(i.OLED_ShowStr)
    OLED_progress_bar                        0x080022b1   Thumb Code  2746  oled.o(i.OLED_progress_bar)
    OneNet_DevLink                           0x08002d91   Thumb Code   288  onenet.o(i.OneNet_DevLink)
    OneNet_FillB                             0x08002ecd   Thumb Code   258  onenet.o(i.OneNet_FillB)
    OneNet_FillBuf                           0x08003055   Thumb Code   210  onenet.o(i.OneNet_FillBuf)
    OneNet_RevPro                            0x080031c1   Thumb Code  1840  onenet.o(i.OneNet_RevPro)
    OneNet_SendData                          0x08003929   Thumb Code    98  onenet.o(i.OneNet_SendData)
    OneNet_SendDataa                         0x08003999   Thumb Code    98  onenet.o(i.OneNet_SendDataa)
    PendSV_Handler                           0x08003a09   Thumb Code     2  stm32f10x_it.o(i.PendSV_Handler)
    RCC_ADCCLKConfig                         0x08003a0d   Thumb Code    18  stm32f10x_rcc.o(i.RCC_ADCCLKConfig)
    RCC_AHBPeriphClockCmd                    0x08003a25   Thumb Code    26  stm32f10x_rcc.o(i.RCC_AHBPeriphClockCmd)
    RCC_APB1PeriphClockCmd                   0x08003a45   Thumb Code    26  stm32f10x_rcc.o(i.RCC_APB1PeriphClockCmd)
    RCC_APB1PeriphResetCmd                   0x08003a65   Thumb Code    26  stm32f10x_rcc.o(i.RCC_APB1PeriphResetCmd)
    RCC_APB2PeriphClockCmd                   0x08003a85   Thumb Code    26  stm32f10x_rcc.o(i.RCC_APB2PeriphClockCmd)
    RCC_GetClocksFreq                        0x08003aa5   Thumb Code   192  stm32f10x_rcc.o(i.RCC_GetClocksFreq)
    SVC_Handler                              0x08003b79   Thumb Code     2  stm32f10x_it.o(i.SVC_Handler)
    SysTick_CLKSourceConfig                  0x08003c65   Thumb Code    40  misc.o(i.SysTick_CLKSourceConfig)
    SystemInit                               0x08003c8d   Thumb Code    78  system_stm32f10x.o(i.SystemInit)
    TIM3_IRQHandler                          0x08003ced   Thumb Code   142  main.o(i.TIM3_IRQHandler)
    TIM3_Int_Init                            0x08003d99   Thumb Code    86  main.o(i.TIM3_Int_Init)
    TIM_ClearITPendingBit                    0x08003df5   Thumb Code     6  stm32f10x_tim.o(i.TIM_ClearITPendingBit)
    TIM_Cmd                                  0x08003dfb   Thumb Code    24  stm32f10x_tim.o(i.TIM_Cmd)
    TIM_GetITStatus                          0x08003e13   Thumb Code    34  stm32f10x_tim.o(i.TIM_GetITStatus)
    TIM_ITConfig                             0x08003e35   Thumb Code    18  stm32f10x_tim.o(i.TIM_ITConfig)
    TIM_TimeBaseInit                         0x08003e49   Thumb Code   122  stm32f10x_tim.o(i.TIM_TimeBaseInit)
    USART1_IRQHandler                        0x08003eed   Thumb Code   134  usart.o(i.USART1_IRQHandler)
    USART2_IRQHandler                        0x08003f85   Thumb Code    62  esp8266.o(i.USART2_IRQHandler)
    USART3_Init                              0x08003fd1   Thumb Code   118  main.o(i.USART3_Init)
    USART3_SendString                        0x08004051   Thumb Code    52  main.o(i.USART3_SendString)
    USART_ClearFlag                          0x08004089   Thumb Code    18  stm32f10x_usart.o(i.USART_ClearFlag)
    USART_Cmd                                0x0800409b   Thumb Code    24  stm32f10x_usart.o(i.USART_Cmd)
    USART_GetFlagStatus                      0x080040b3   Thumb Code    26  stm32f10x_usart.o(i.USART_GetFlagStatus)
    USART_GetITStatus                        0x080040cd   Thumb Code    84  stm32f10x_usart.o(i.USART_GetITStatus)
    USART_ITConfig                           0x08004121   Thumb Code    74  stm32f10x_usart.o(i.USART_ITConfig)
    USART_Init                               0x0800416d   Thumb Code   210  stm32f10x_usart.o(i.USART_Init)
    USART_ReceiveData                        0x08004245   Thumb Code    10  stm32f10x_usart.o(i.USART_ReceiveData)
    USART_SendData                           0x0800424f   Thumb Code     8  stm32f10x_usart.o(i.USART_SendData)
    UsageFault_Handler                       0x08004257   Thumb Code     4  stm32f10x_it.o(i.UsageFault_Handler)
    Usart2_Init                              0x0800425d   Thumb Code   162  esp8266.o(i.Usart2_Init)
    Usart2_SendString                        0x08004309   Thumb Code    44  esp8266.o(i.Usart2_SendString)
    WriteCmd                                 0x08004339   Thumb Code    14  oled.o(i.WriteCmd)
    WriteDat                                 0x08004347   Thumb Code    14  oled.o(i.WriteDat)
    __0printf                                0x08004355   Thumb Code    22  printfa.o(i.__0printf)
    __1printf                                0x08004355   Thumb Code     0  printfa.o(i.__0printf)
    __2printf                                0x08004355   Thumb Code     0  printfa.o(i.__0printf)
    __c89printf                              0x08004355   Thumb Code     0  printfa.o(i.__0printf)
    printf                                   0x08004355   Thumb Code     0  printfa.o(i.__0printf)
    __0sprintf                               0x08004375   Thumb Code    34  printfa.o(i.__0sprintf)
    __1sprintf                               0x08004375   Thumb Code     0  printfa.o(i.__0sprintf)
    __2sprintf                               0x08004375   Thumb Code     0  printfa.o(i.__0sprintf)
    __c89sprintf                             0x08004375   Thumb Code     0  printfa.o(i.__0sprintf)
    sprintf                                  0x08004375   Thumb Code     0  printfa.o(i.__0sprintf)
    __aeabi_errno_addr                       0x0800439d   Thumb Code     4  errno.o(i.__aeabi_errno_addr)
    __rt_errno_addr                          0x0800439d   Thumb Code     0  errno.o(i.__aeabi_errno_addr)
    __scatterload_copy                       0x080043a5   Thumb Code    14  handlers.o(i.__scatterload_copy)
    __scatterload_null                       0x080043b3   Thumb Code     2  handlers.o(i.__scatterload_null)
    __scatterload_zeroinit                   0x080043b5   Thumb Code    14  handlers.o(i.__scatterload_zeroinit)
    delay_init                               0x08004c59   Thumb Code    50  delay.o(i.delay_init)
    delay_ms                                 0x08004c9d   Thumb Code    72  delay.o(i.delay_ms)
    delay_us                                 0x08004ce9   Thumb Code    72  delay.o(i.delay_us)
    fputc                                    0x08004d35   Thumb Code    24  usart.o(i.fputc)
    free                                     0x08004d51   Thumb Code    76  malloc.o(i.free)
    iic_Ack                                  0x08004da1   Thumb Code    66  myiic.o(i.iic_Ack)
    iic_Init                                 0x08004df1   Thumb Code    14  myiic.o(i.iic_Init)
    iic_NAck                                 0x08004e09   Thumb Code    66  myiic.o(i.iic_NAck)
    iic_Read_Byte                            0x08004e59   Thumb Code    98  myiic.o(i.iic_Read_Byte)
    iic_Send_Byte                            0x08004ec9   Thumb Code    90  myiic.o(i.iic_Send_Byte)
    iic_Start                                0x08004f31   Thumb Code    64  myiic.o(i.iic_Start)
    iic_Stop                                 0x08004f7d   Thumb Code    62  myiic.o(i.iic_Stop)
    iic_Wait_Ack                             0x08004fc9   Thumb Code    86  myiic.o(i.iic_Wait_Ack)
    main                                     0x0800502d   Thumb Code  1986  main.o(i.main)
    malloc                                   0x0800583d   Thumb Code    92  malloc.o(i.malloc)
    max30102_Bus_Read                        0x080058a9   Thumb Code    82  max30102.o(i.max30102_Bus_Read)
    max30102_Bus_Write                       0x080058fb   Thumb Code    68  max30102.o(i.max30102_Bus_Write)
    max30102_FIFO_ReadBytes                  0x0800593f   Thumb Code   128  max30102.o(i.max30102_FIFO_ReadBytes)
    max30102_init                            0x080059bf   Thumb Code   100  max30102.o(i.max30102_init)
    max30102_reset                           0x08005a23   Thumb Code    20  max30102.o(i.max30102_reset)
    maxim_find_peaks                         0x08005a37   Thumb Code    66  algorithm.o(i.maxim_find_peaks)
    maxim_heart_rate_and_oxygen_saturation   0x08005a79   Thumb Code  1272  algorithm.o(i.maxim_heart_rate_and_oxygen_saturation)
    maxim_peaks_above_min_height             0x08005f79   Thumb Code   122  algorithm.o(i.maxim_peaks_above_min_height)
    maxim_remove_close_peaks                 0x08005ff3   Thumb Code   114  algorithm.o(i.maxim_remove_close_peaks)
    maxim_sort_ascend                        0x08006065   Thumb Code    54  algorithm.o(i.maxim_sort_ascend)
    maxim_sort_indices_descend               0x0800609b   Thumb Code    64  algorithm.o(i.maxim_sort_indices_descend)
    show                                     0x080060db   Thumb Code     8  oled.o(i.show)
    uart_init                                0x080060e5   Thumb Code   156  usart.o(i.uart_init)
    F6x8                                     0x08006188   Data         552  oled.o(.constdata)
    F8X16                                    0x080063b0   Data        1520  oled.o(.constdata)
    gImage0                                  0x080069a0   Data         256  oled.o(.constdata)
    gImage1                                  0x08006aa0   Data         256  oled.o(.constdata)
    gImage2                                  0x08006ba0   Data         256  oled.o(.constdata)
    gImage3                                  0x08006ca0   Data         256  oled.o(.constdata)
    gImage4                                  0x08006da0   Data         256  oled.o(.constdata)
    gImage5                                  0x08006ea0   Data         256  oled.o(.constdata)
    gImage6                                  0x08006fa0   Data         256  oled.o(.constdata)
    gImage7                                  0x080070a0   Data         256  oled.o(.constdata)
    gImage8                                  0x080071a0   Data         256  oled.o(.constdata)
    gImage9                                  0x080072a0   Data         256  oled.o(.constdata)
    gImage10                                 0x080073a0   Data         256  oled.o(.constdata)
    gImage11                                 0x080074a0   Data         256  oled.o(.constdata)
    gImage12                                 0x080075a0   Data         256  oled.o(.constdata)
    gImage13                                 0x080076a0   Data         256  oled.o(.constdata)
    gImage14                                 0x080077a0   Data         256  oled.o(.constdata)
    gImage15                                 0x080078a0   Data         256  oled.o(.constdata)
    gImage16                                 0x080079a0   Data         256  oled.o(.constdata)
    gImage17                                 0x08007aa0   Data         256  oled.o(.constdata)
    gImage18                                 0x08007ba0   Data         256  oled.o(.constdata)
    gImage19                                 0x08007ca0   Data         256  oled.o(.constdata)
    gImage20                                 0x08007da0   Data         256  oled.o(.constdata)
    gImage21                                 0x08007ea0   Data         256  oled.o(.constdata)
    gImage22                                 0x08007fa0   Data         256  oled.o(.constdata)
    gImage23                                 0x080080a0   Data         256  oled.o(.constdata)
    gImage24                                 0x080081a0   Data         256  oled.o(.constdata)
    gImage25                                 0x080082a0   Data         256  oled.o(.constdata)
    gImage26                                 0x080083a0   Data         256  oled.o(.constdata)
    gImage27                                 0x080084a0   Data         256  oled.o(.constdata)
    gImage28                                 0x080085a0   Data         256  oled.o(.constdata)
    gImage29                                 0x080086a0   Data         256  oled.o(.constdata)
    gImage30                                 0x080087a0   Data         256  oled.o(.constdata)
    gImage31                                 0x080088a0   Data         256  oled.o(.constdata)
    gImage32                                 0x080089a0   Data         256  oled.o(.constdata)
    gImage33                                 0x08008aa0   Data         256  oled.o(.constdata)
    gImage34                                 0x08008ba0   Data         256  oled.o(.constdata)
    gImage35                                 0x08008ca0   Data         256  oled.o(.constdata)
    gImage36                                 0x08008da0   Data         256  oled.o(.constdata)
    gImage37                                 0x08008ea0   Data         256  oled.o(.constdata)
    gImage38                                 0x08008fa0   Data         256  oled.o(.constdata)
    gImage39                                 0x080090a0   Data         256  oled.o(.constdata)
    gImage40                                 0x080091a0   Data         256  oled.o(.constdata)
    gImage41                                 0x080092a0   Data         256  oled.o(.constdata)
    gImage42                                 0x080093a0   Data         256  oled.o(.constdata)
    gImage43                                 0x080094a0   Data         256  oled.o(.constdata)
    gImage44                                 0x080095a0   Data         256  oled.o(.constdata)
    gImage45                                 0x080096a0   Data         256  oled.o(.constdata)
    gImage46                                 0x080097a0   Data         256  oled.o(.constdata)
    gImage47                                 0x080098a0   Data         256  oled.o(.constdata)
    gImage48                                 0x080099a0   Data         256  oled.o(.constdata)
    gImage49                                 0x08009aa0   Data         256  oled.o(.constdata)
    gImage50                                 0x08009ba0   Data         256  oled.o(.constdata)
    gImage_aa                                0x08009ca0   Data         486  oled.o(.constdata)
    auw_hamm                                 0x08009e86   Data          62  algorithm.o(.constdata)
    uch_spo2_table                           0x08009ec4   Data         184  algorithm.o(.constdata)
    __ctype_table                            0x08009f7c   Data         129  ctype_o.o(.constdata)
    Region$$Table$$Base                      0x0800a004   Number         0  anon$$obj.o(Region$$Table)
    Region$$Table$$Limit                     0x0800a024   Number         0  anon$$obj.o(Region$$Table)
    longitude                                0x20000000   Data           4  main.o(.data)
    latitude                                 0x20000004   Data           4  main.o(.data)
    miao                                     0x20000008   Data           1  main.o(.data)
    fen                                      0x20000009   Data           1  main.o(.data)
    shi                                      0x2000000a   Data           1  main.o(.data)
    g_tim3_1ms_cnt                           0x2000000c   Data           2  main.o(.data)
    flag_100ms                               0x2000000e   Data           1  main.o(.data)
    miao1                                    0x2000000f   Data           1  main.o(.data)
    fen1                                     0x20000010   Data           1  main.o(.data)
    shi1                                     0x20000011   Data           1  main.o(.data)
    miao2                                    0x20000012   Data           1  main.o(.data)
    fen2                                     0x20000013   Data           1  main.o(.data)
    shi2                                     0x20000014   Data           1  main.o(.data)
    miao3                                    0x20000015   Data           1  main.o(.data)
    fen3                                     0x20000016   Data           1  main.o(.data)
    shi3                                     0x20000017   Data           1  main.o(.data)
    miao4                                    0x20000018   Data           1  main.o(.data)
    fen4                                     0x20000019   Data           1  main.o(.data)
    shi4                                     0x2000001a   Data           1  main.o(.data)
    YL1                                      0x2000001b   Data           1  main.o(.data)
    YL2                                      0x2000001c   Data           1  main.o(.data)
    YL3                                      0x2000001d   Data           1  main.o(.data)
    YL4                                      0x2000001e   Data           1  main.o(.data)
    WDH                                      0x2000001f   Data           1  main.o(.data)
    SD                                       0x20000020   Data           1  main.o(.data)
    temperature                              0x20000021   Data           1  main.o(.data)
    temph                                    0x20000022   Data           1  main.o(.data)
    Lightingh                                0x20000023   Data           1  main.o(.data)
    fan                                      0x20000024   Data           1  main.o(.data)
    humidity                                 0x20000025   Data           1  main.o(.data)
    value1                                   0x20000026   Data           2  main.o(.data)
    value2                                   0x20000028   Data           2  main.o(.data)
    value3                                   0x2000002a   Data           2  main.o(.data)
    Distance                                 0x2000002c   Data           4  main.o(.data)
    Lighting                                 0x20000030   Data           1  main.o(.data)
    Voice                                    0x20000031   Data           1  main.o(.data)
    Gas                                      0x20000032   Data           1  main.o(.data)
    LED_value                                0x20000033   Data           1  main.o(.data)
    fscs                                     0x20000034   Data           1  main.o(.data)
    dis_hr1                                  0x20000035   Data           1  main.o(.data)
    dis_spo21                                0x20000036   Data           1  main.o(.data)
    yz                                       0x20000037   Data           1  main.o(.data)
    die                                      0x20000038   Data           1  main.o(.data)
    i                                        0x2000003a   Data           2  main.o(.data)
    n_ir_buffer_length                       0x2000003c   Data           4  main.o(.data)
    n_sp02                                   0x20000040   Data           4  main.o(.data)
    ch_spo2_valid                            0x20000044   Data           1  main.o(.data)
    n_heart_rate                             0x20000048   Data           4  main.o(.data)
    ch_hr_valid                              0x2000004c   Data           1  main.o(.data)
    dis_hr                                   0x20000050   Data           4  main.o(.data)
    dis_spo2                                 0x20000054   Data           4  main.o(.data)
    jd                                       0x20000058   Data           4  main.o(.data)
    weid                                     0x2000005c   Data           4  main.o(.data)
    gps1                                     0x20000060   Data           2  main.o(.data)
    gps2                                     0x20000062   Data           2  main.o(.data)
    gps3                                     0x20000064   Data           2  main.o(.data)
    gps4                                     0x20000066   Data           2  main.o(.data)
    gps5                                     0x20000068   Data           2  main.o(.data)
    gps6                                     0x2000006a   Data           2  main.o(.data)
    gps7                                     0x2000006c   Data           2  main.o(.data)
    gps8                                     0x2000006e   Data           2  main.o(.data)
    gps9                                     0x20000070   Data           2  main.o(.data)
    gps10                                    0x20000072   Data           2  main.o(.data)
    gps11                                    0x20000074   Data           2  main.o(.data)
    gps22                                    0x20000076   Data           2  main.o(.data)
    gps33                                    0x20000078   Data           2  main.o(.data)
    gps44                                    0x2000007a   Data           2  main.o(.data)
    gps55                                    0x2000007c   Data           2  main.o(.data)
    gps66                                    0x2000007e   Data           2  main.o(.data)
    gps77                                    0x20000080   Data           2  main.o(.data)
    gps88                                    0x20000082   Data           2  main.o(.data)
    gps99                                    0x20000084   Data           2  main.o(.data)
    gps1010                                  0x20000086   Data           2  main.o(.data)
    SystemCoreClock                          0x2000008c   Data           4  system_stm32f10x.o(.data)
    AHBPrescTable                            0x20000090   Data          16  system_stm32f10x.o(.data)
    rxdatabufer                              0x200000a4   Data           1  usart.o(.data)
    point1                                   0x200000a6   Data           2  usart.o(.data)
    __stdout                                 0x200000a8   Data           4  usart.o(.data)
    USART_RX_STA                             0x200000ac   Data           2  usart.o(.data)
    esp8266_cnt                              0x200000c2   Data           2  esp8266.o(.data)
    esp8266_cntPre                           0x200000c4   Data           2  esp8266.o(.data)
    F16x16                                   0x200000c6   Data        1856  oled.o(.data)
    BMP1                                     0x20000806   Data        1024  oled.o(.data)
    __microlib_freelist                      0x20000c08   Data           4  mvars.o(.data)
    __microlib_freelist_initialised          0x20000c0c   Data           4  mvars.o(.data)
    ADC_Value                                0x20000c14   Data          60  main.o(.bss)
    buf1                                     0x20000c50   Data          10  main.o(.bss)
    buf2                                     0x20000c5a   Data          10  main.o(.bss)
    buf3                                     0x20000c64   Data          10  main.o(.bss)
    buf4                                     0x20000c6e   Data          10  main.o(.bss)
    buf5                                     0x20000c78   Data          10  main.o(.bss)
    buf6                                     0x20000c82   Data          10  main.o(.bss)
    buf7                                     0x20000c8c   Data          10  main.o(.bss)
    buf8                                     0x20000c96   Data          10  main.o(.bss)
    buf9                                     0x20000ca0   Data          10  main.o(.bss)
    buf10                                    0x20000caa   Data          10  main.o(.bss)
    aun_ir_buffer                            0x20000cb4   Data        2000  main.o(.bss)
    aun_red_buffer                           0x20001484   Data        2000  main.o(.bss)
    Save_Data                                0x20001c54   Data         121  usart.o(.bss)
    USART_RX_BUF                             0x20001ccd   Data         200  usart.o(.bss)
    esp8266_buf                              0x20001d95   Data         128  esp8266.o(.bss)
    __heap_base                              0x20003578   Data           0  startup_stm32f10x_md.o(HEAP)
    __heap_limit                             0x20003778   Data           0  startup_stm32f10x_md.o(HEAP)
    __initial_sp                             0x20003b78   Data           0  startup_stm32f10x_md.o(STACK)



==============================================================================

Memory Map of the image

  Image Entry point : 0x08000105

  Load Region LR_1 (Base: 0x08000000, Size: 0x0000ac38, Max: 0xffffffff, ABSOLUTE, COMPRESSED[0x0000a750])

    Execution Region ER_RO (Exec base: 0x08000000, Load base: 0x08000000, Size: 0x0000a024, Max: 0xffffffff, ABSOLUTE)

    Exec Addr    Load Addr    Size         Type   Attr      Idx    E Section Name        Object

    0x08000000   0x08000000   0x000000ec   Data   RO          544    RESET               startup_stm32f10x_md.o
    0x080000ec   0x080000ec   0x00000000   Code   RO         4243  * .ARM.Collect$$$$00000000  mc_w.l(entry.o)
    0x080000ec   0x080000ec   0x00000004   Code   RO         4581    .ARM.Collect$$$$00000001  mc_w.l(entry2.o)
    0x080000f0   0x080000f0   0x00000004   Code   RO         4584    .ARM.Collect$$$$00000004  mc_w.l(entry5.o)
    0x080000f4   0x080000f4   0x00000000   Code   RO         4586    .ARM.Collect$$$$00000008  mc_w.l(entry7b.o)
    0x080000f4   0x080000f4   0x00000000   Code   RO         4588    .ARM.Collect$$$$0000000A  mc_w.l(entry8b.o)
    0x080000f4   0x080000f4   0x00000008   Code   RO         4589    .ARM.Collect$$$$0000000B  mc_w.l(entry9a.o)
    0x080000fc   0x080000fc   0x00000004   Code   RO         4596    .ARM.Collect$$$$0000000E  mc_w.l(entry12b.o)
    0x08000100   0x08000100   0x00000000   Code   RO         4591    .ARM.Collect$$$$0000000F  mc_w.l(entry10a.o)
    0x08000100   0x08000100   0x00000000   Code   RO         4593    .ARM.Collect$$$$00000011  mc_w.l(entry11a.o)
    0x08000100   0x08000100   0x00000004   Code   RO         4582    .ARM.Collect$$$$00002712  mc_w.l(entry2.o)
    0x08000104   0x08000104   0x00000024   Code   RO          545  * .text               startup_stm32f10x_md.o
    0x08000128   0x08000128   0x00000024   Code   RO         4246    .text               mc_w.l(memcpya.o)
    0x0800014c   0x0800014c   0x00000024   Code   RO         4248    .text               mc_w.l(memseta.o)
    0x08000170   0x08000170   0x00000018   Code   RO         4250    .text               mc_w.l(strcat.o)
    0x08000188   0x08000188   0x00000024   Code   RO         4252    .text               mc_w.l(strstr.o)
    0x080001ac   0x080001ac   0x00000014   Code   RO         4254    .text               mc_w.l(strchr.o)
    0x080001c0   0x080001c0   0x0000000e   Code   RO         4256    .text               mc_w.l(strlen.o)
    0x080001ce   0x080001ce   0x00000028   Code   RO         4258    .text               mc_w.l(strncat.o)
    0x080001f6   0x080001f6   0x00000012   Code   RO         4260    .text               mc_w.l(strcpy.o)
    0x08000208   0x08000208   0x0000001a   Code   RO         4559    .text               mc_w.l(atoi.o)
    0x08000222   0x08000222   0x00000064   Code   RO         4563    .text               mf_w.l(fmul.o)
    0x08000286   0x08000286   0x0000007c   Code   RO         4565    .text               mf_w.l(fdiv.o)
    0x08000302   0x08000302   0x00000012   Code   RO         4567    .text               mf_w.l(fflti.o)
    0x08000314   0x08000314   0x0000000a   Code   RO         4569    .text               mf_w.l(ffltui.o)
    0x0800031e   0x0800031e   0x00000032   Code   RO         4571    .text               mf_w.l(ffixi.o)
    0x08000350   0x08000350   0x00000028   Code   RO         4573    .text               mf_w.l(ffixui.o)
    0x08000378   0x08000378   0x00000026   Code   RO         4575    .text               mf_w.l(f2d.o)
    0x0800039e   0x0800039e   0x00000002   PAD
    0x080003a0   0x080003a0   0x00000014   Code   RO         4577    .text               mf_w.l(cfcmple.o)
    0x080003b4   0x080003b4   0x00000014   Code   RO         4579    .text               mf_w.l(cfrcmple.o)
    0x080003c8   0x080003c8   0x0000002c   Code   RO         4597    .text               mc_w.l(uidiv.o)
    0x080003f4   0x080003f4   0x00000062   Code   RO         4599    .text               mc_w.l(uldiv.o)
    0x08000456   0x08000456   0x00000070   Code   RO         4614    .text               mc_w.l(strtol.o)
    0x080004c6   0x080004c6   0x00000000   Code   RO         4616    .text               mc_w.l(iusefp.o)
    0x080004c6   0x080004c6   0x0000006e   Code   RO         4617    .text               mf_w.l(fepilogue.o)
    0x08000534   0x08000534   0x0000014e   Code   RO         4619    .text               mf_w.l(dadd.o)
    0x08000682   0x08000682   0x000000e4   Code   RO         4621    .text               mf_w.l(dmul.o)
    0x08000766   0x08000766   0x000000de   Code   RO         4623    .text               mf_w.l(ddiv.o)
    0x08000844   0x08000844   0x00000030   Code   RO         4627    .text               mf_w.l(dfixul.o)
    0x08000874   0x08000874   0x00000030   Code   RO         4629    .text               mf_w.l(cdrcmple.o)
    0x080008a4   0x080008a4   0x00000024   Code   RO         4633    .text               mc_w.l(init.o)
    0x080008c8   0x080008c8   0x0000001e   Code   RO         4635    .text               mc_w.l(llshl.o)
    0x080008e6   0x080008e6   0x00000020   Code   RO         4637    .text               mc_w.l(llushr.o)
    0x08000906   0x08000906   0x00000024   Code   RO         4639    .text               mc_w.l(llsshr.o)
    0x0800092a   0x0800092a   0x00000002   PAD
    0x0800092c   0x0800092c   0x00000008   Code   RO         4643    .text               mc_w.l(ctype_o.o)
    0x08000934   0x08000934   0x0000009e   Code   RO         4673    .text               mc_w.l(_strtoul.o)
    0x080009d2   0x080009d2   0x000000ba   Code   RO         4675    .text               mf_w.l(depilogue.o)
    0x08000a8c   0x08000a8c   0x0000001c   Code   RO         4680    .text               mc_w.l(_chval.o)
    0x08000aa8   0x08000aa8   0x00000056   Code   RO         4690    .text               mc_w.l(__dczerorl2.o)
    0x08000afe   0x08000afe   0x00000016   Code   RO         1085    i.ADC_Cmd           stm32f10x_adc.o
    0x08000b14   0x08000b14   0x00000016   Code   RO         1086    i.ADC_DMACmd        stm32f10x_adc.o
    0x08000b2a   0x08000b2a   0x00000014   Code   RO         1093    i.ADC_GetCalibrationStatus  stm32f10x_adc.o
    0x08000b3e   0x08000b3e   0x00000014   Code   RO         1099    i.ADC_GetResetCalibrationStatus  stm32f10x_adc.o
    0x08000b52   0x08000b52   0x00000002   PAD
    0x08000b54   0x08000b54   0x00000050   Code   RO         1103    i.ADC_Init          stm32f10x_adc.o
    0x08000ba4   0x08000ba4   0x000000b8   Code   RO         1107    i.ADC_RegularChannelConfig  stm32f10x_adc.o
    0x08000c5c   0x08000c5c   0x0000000a   Code   RO         1108    i.ADC_ResetCalibration  stm32f10x_adc.o
    0x08000c66   0x08000c66   0x00000016   Code   RO         1110    i.ADC_SoftwareStartConvCmd  stm32f10x_adc.o
    0x08000c7c   0x08000c7c   0x0000000a   Code   RO         1112    i.ADC_StartCalibration  stm32f10x_adc.o
    0x08000c86   0x08000c86   0x00000002   PAD
    0x08000c88   0x08000c88   0x0000003c   Code   RO         3985    i.ADCx_GPIO_Config  adc.o
    0x08000cc4   0x08000cc4   0x0000000c   Code   RO         3986    i.ADCx_Init         adc.o
    0x08000cd0   0x08000cd0   0x0000010c   Code   RO         3987    i.ADCx_Mode_Config  adc.o
    0x08000ddc   0x08000ddc   0x00000004   Code   RO          203    i.BusFault_Handler  stm32f10x_it.o
    0x08000de0   0x08000de0   0x0000001c   Code   RO          470    i.CLR_Buf           usart.o
    0x08000dfc   0x08000dfc   0x00000018   Code   RO         1770    i.DMA_Cmd           stm32f10x_dma.o
    0x08000e14   0x08000e14   0x0000014c   Code   RO         1771    i.DMA_DeInit        stm32f10x_dma.o
    0x08000f60   0x08000f60   0x0000003c   Code   RO         1776    i.DMA_Init          stm32f10x_dma.o
    0x08000f9c   0x08000f9c   0x00000002   Code   RO          204    i.DebugMon_Handler  stm32f10x_it.o
    0x08000f9e   0x08000f9e   0x00000002   PAD
    0x08000fa0   0x08000fa0   0x0000001c   Code   RO         3516    i.ESP8266_Clear     esp8266.o
    0x08000fbc   0x08000fbc   0x00000050   Code   RO         3517    i.ESP8266_GetIPD    esp8266.o
    0x0800100c   0x0800100c   0x00000254   Code   RO         3518    i.ESP8266_Init      esp8266.o
    0x08001260   0x08001260   0x00000050   Code   RO         3519    i.ESP8266_SendCmd   esp8266.o
    0x080012b0   0x080012b0   0x00000044   Code   RO         3520    i.ESP8266_SendData  esp8266.o
    0x080012f4   0x080012f4   0x00000034   Code   RO         3521    i.ESP8266_WaitRecive  esp8266.o
    0x08001328   0x08001328   0x00000116   Code   RO          591    i.GPIO_Init         stm32f10x_gpio.o
    0x0800143e   0x0800143e   0x00000012   Code   RO          595    i.GPIO_ReadInputDataBit  stm32f10x_gpio.o
    0x08001450   0x08001450   0x00000004   Code   RO          598    i.GPIO_ResetBits    stm32f10x_gpio.o
    0x08001454   0x08001454   0x00000004   Code   RO          599    i.GPIO_SetBits      stm32f10x_gpio.o
    0x08001458   0x08001458   0x0000000a   Code   RO          602    i.GPIO_WriteBit     stm32f10x_gpio.o
    0x08001462   0x08001462   0x00000004   Code   RO          205    i.HardFault_Handler  stm32f10x_it.o
    0x08001466   0x08001466   0x0000002a   Code   RO         2191    i.I2C_CheckEvent    stm32f10x_i2c.o
    0x08001490   0x08001490   0x00000018   Code   RO         2194    i.I2C_Cmd           stm32f10x_i2c.o
    0x080014a8   0x080014a8   0x0000007c   Code   RO         3881    i.I2C_Configuration  oled.o
    0x08001524   0x08001524   0x00000038   Code   RO         2197    i.I2C_DeInit        stm32f10x_i2c.o
    0x0800155c   0x0800155c   0x00000018   Code   RO         2201    i.I2C_GenerateSTART  stm32f10x_i2c.o
    0x08001574   0x08001574   0x00000018   Code   RO         2202    i.I2C_GenerateSTOP  stm32f10x_i2c.o
    0x0800158c   0x0800158c   0x0000003a   Code   RO         2203    i.I2C_GetFlagStatus  stm32f10x_i2c.o
    0x080015c6   0x080015c6   0x00000002   PAD
    0x080015c8   0x080015c8   0x000000ec   Code   RO         2208    i.I2C_Init          stm32f10x_i2c.o
    0x080016b4   0x080016b4   0x00000012   Code   RO         2215    i.I2C_Send7bitAddress  stm32f10x_i2c.o
    0x080016c6   0x080016c6   0x00000004   Code   RO         2216    i.I2C_SendData      stm32f10x_i2c.o
    0x080016ca   0x080016ca   0x00000002   PAD
    0x080016cc   0x080016cc   0x0000008c   Code   RO         3882    i.I2C_WriteByte     oled.o
    0x08001758   0x08001758   0x0000002c   Code   RO         4211    i.Key_GPIO_Config   key.o
    0x08001784   0x08001784   0x00000018   Code   RO         4213    i.Key_Scan1         key.o
    0x0800179c   0x0800179c   0x00000080   Code   RO         3818    i.LED_Init          led.o
    0x0800181c   0x0800181c   0x0000001c   Code   RO         3644    i.MQTT_DeleteBuffer  mqttkit.o
    0x08001838   0x08001838   0x0000002e   Code   RO         3645    i.MQTT_DumpLength   mqttkit.o
    0x08001866   0x08001866   0x00000058   Code   RO         3646    i.MQTT_NewBuffer    mqttkit.o
    0x080018be   0x080018be   0x00000002   PAD
    0x080018c0   0x080018c0   0x0000008c   Code   RO         3647    i.MQTT_PacketCmdResp  mqttkit.o
    0x0800194c   0x0800194c   0x000002a0   Code   RO         3648    i.MQTT_PacketConnect  mqttkit.o
    0x08001bec   0x08001bec   0x000001a2   Code   RO         3651    i.MQTT_PacketPublish  mqttkit.o
    0x08001d8e   0x08001d8e   0x00000002   PAD
    0x08001d90   0x08001d90   0x0000005c   Code   RO         3657    i.MQTT_PacketSaveData  mqttkit.o
    0x08001dec   0x08001dec   0x00000046   Code   RO         3660    i.MQTT_ReadLength   mqttkit.o
    0x08001e32   0x08001e32   0x0000008c   Code   RO         3661    i.MQTT_UnPacketCmd  mqttkit.o
    0x08001ebe   0x08001ebe   0x0000001e   Code   RO         3662    i.MQTT_UnPacketConnectAck  mqttkit.o
    0x08001edc   0x08001edc   0x0000001e   Code   RO         3664    i.MQTT_UnPacketPublishAck  mqttkit.o
    0x08001efa   0x08001efa   0x00000002   PAD
    0x08001efc   0x08001efc   0x00000074   Code   RO         3668    i.MQTT_UnPacketRecv  mqttkit.o
    0x08001f70   0x08001f70   0x0000004c   Code   RO         4011    i.MX_GPIO_Init      max30102.o
    0x08001fbc   0x08001fbc   0x00000004   Code   RO          206    i.MemManage_Handler  stm32f10x_it.o
    0x08001fc0   0x08001fc0   0x00000002   Code   RO          207    i.NMI_Handler       stm32f10x_it.o
    0x08001fc2   0x08001fc2   0x00000002   PAD
    0x08001fc4   0x08001fc4   0x00000070   Code   RO          549    i.NVIC_Init         misc.o
    0x08002034   0x08002034   0x00000014   Code   RO          550    i.NVIC_PriorityGroupConfig  misc.o
    0x08002048   0x08002048   0x0000000a   Code   RO         3883    i.OLED_CLS          oled.o
    0x08002052   0x08002052   0x0000003a   Code   RO         3885    i.OLED_Fill         oled.o
    0x0800208c   0x0800208c   0x000000ba   Code   RO         3886    i.OLED_Init         oled.o
    0x08002146   0x08002146   0x00000028   Code   RO         3889    i.OLED_SetPos       oled.o
    0x0800216e   0x0800216e   0x00000002   PAD
    0x08002170   0x08002170   0x00000054   Code   RO         3890    i.OLED_ShowCN       oled.o
    0x080021c4   0x080021c4   0x000000ec   Code   RO         3891    i.OLED_ShowStr      oled.o
    0x080022b0   0x080022b0   0x00000ae0   Code   RO         3892    i.OLED_progress_bar  oled.o
    0x08002d90   0x08002d90   0x0000013c   Code   RO         3585    i.OneNet_DevLink    onenet.o
    0x08002ecc   0x08002ecc   0x00000188   Code   RO         3586    i.OneNet_FillB      onenet.o
    0x08003054   0x08003054   0x0000016c   Code   RO         3587    i.OneNet_FillBuf    onenet.o
    0x080031c0   0x080031c0   0x00000768   Code   RO         3588    i.OneNet_RevPro     onenet.o
    0x08003928   0x08003928   0x00000070   Code   RO         3589    i.OneNet_SendData   onenet.o
    0x08003998   0x08003998   0x00000070   Code   RO         3590    i.OneNet_SendDataa  onenet.o
    0x08003a08   0x08003a08   0x00000002   Code   RO          208    i.PendSV_Handler    stm32f10x_it.o
    0x08003a0a   0x08003a0a   0x00000002   PAD
    0x08003a0c   0x08003a0c   0x00000018   Code   RO          879    i.RCC_ADCCLKConfig  stm32f10x_rcc.o
    0x08003a24   0x08003a24   0x00000020   Code   RO          880    i.RCC_AHBPeriphClockCmd  stm32f10x_rcc.o
    0x08003a44   0x08003a44   0x00000020   Code   RO          881    i.RCC_APB1PeriphClockCmd  stm32f10x_rcc.o
    0x08003a64   0x08003a64   0x00000020   Code   RO          882    i.RCC_APB1PeriphResetCmd  stm32f10x_rcc.o
    0x08003a84   0x08003a84   0x00000020   Code   RO          883    i.RCC_APB2PeriphClockCmd  stm32f10x_rcc.o
    0x08003aa4   0x08003aa4   0x000000d4   Code   RO          891    i.RCC_GetClocksFreq  stm32f10x_rcc.o
    0x08003b78   0x08003b78   0x00000002   Code   RO          209    i.SVC_Handler       stm32f10x_it.o
    0x08003b7a   0x08003b7a   0x00000008   Code   RO          349    i.SetSysClock       system_stm32f10x.o
    0x08003b82   0x08003b82   0x00000002   PAD
    0x08003b84   0x08003b84   0x000000e0   Code   RO          350    i.SetSysClockTo72   system_stm32f10x.o
    0x08003c64   0x08003c64   0x00000028   Code   RO          553    i.SysTick_CLKSourceConfig  misc.o
    0x08003c8c   0x08003c8c   0x00000060   Code   RO          352    i.SystemInit        system_stm32f10x.o
    0x08003cec   0x08003cec   0x000000ac   Code   RO            1    i.TIM3_IRQHandler   main.o
    0x08003d98   0x08003d98   0x0000005c   Code   RO            2    i.TIM3_Int_Init     main.o
    0x08003df4   0x08003df4   0x00000006   Code   RO         2925    i.TIM_ClearITPendingBit  stm32f10x_tim.o
    0x08003dfa   0x08003dfa   0x00000018   Code   RO         2930    i.TIM_Cmd           stm32f10x_tim.o
    0x08003e12   0x08003e12   0x00000022   Code   RO         2951    i.TIM_GetITStatus   stm32f10x_tim.o
    0x08003e34   0x08003e34   0x00000012   Code   RO         2955    i.TIM_ITConfig      stm32f10x_tim.o
    0x08003e46   0x08003e46   0x00000002   PAD
    0x08003e48   0x08003e48   0x000000a4   Code   RO         3001    i.TIM_TimeBaseInit  stm32f10x_tim.o
    0x08003eec   0x08003eec   0x00000098   Code   RO          472    i.USART1_IRQHandler  usart.o
    0x08003f84   0x08003f84   0x0000004c   Code   RO         3522    i.USART2_IRQHandler  esp8266.o
    0x08003fd0   0x08003fd0   0x00000080   Code   RO            3    i.USART3_Init       main.o
    0x08004050   0x08004050   0x00000038   Code   RO            4    i.USART3_SendString  main.o
    0x08004088   0x08004088   0x00000012   Code   RO          699    i.USART_ClearFlag   stm32f10x_usart.o
    0x0800409a   0x0800409a   0x00000018   Code   RO          703    i.USART_Cmd         stm32f10x_usart.o
    0x080040b2   0x080040b2   0x0000001a   Code   RO          706    i.USART_GetFlagStatus  stm32f10x_usart.o
    0x080040cc   0x080040cc   0x00000054   Code   RO          707    i.USART_GetITStatus  stm32f10x_usart.o
    0x08004120   0x08004120   0x0000004a   Code   RO          709    i.USART_ITConfig    stm32f10x_usart.o
    0x0800416a   0x0800416a   0x00000002   PAD
    0x0800416c   0x0800416c   0x000000d8   Code   RO          710    i.USART_Init        stm32f10x_usart.o
    0x08004244   0x08004244   0x0000000a   Code   RO          717    i.USART_ReceiveData  stm32f10x_usart.o
    0x0800424e   0x0800424e   0x00000008   Code   RO          720    i.USART_SendData    stm32f10x_usart.o
    0x08004256   0x08004256   0x00000004   Code   RO          211    i.UsageFault_Handler  stm32f10x_it.o
    0x0800425a   0x0800425a   0x00000002   PAD
    0x0800425c   0x0800425c   0x000000ac   Code   RO         3523    i.Usart2_Init       esp8266.o
    0x08004308   0x08004308   0x00000030   Code   RO         3524    i.Usart2_SendString  esp8266.o
    0x08004338   0x08004338   0x0000000e   Code   RO         3893    i.WriteCmd          oled.o
    0x08004346   0x08004346   0x0000000e   Code   RO         3894    i.WriteDat          oled.o
    0x08004354   0x08004354   0x00000020   Code   RO         4497    i.__0printf         mc_w.l(printfa.o)
    0x08004374   0x08004374   0x00000028   Code   RO         4499    i.__0sprintf        mc_w.l(printfa.o)
    0x0800439c   0x0800439c   0x00000008   Code   RO         4603    i.__aeabi_errno_addr  mc_w.l(errno.o)
    0x080043a4   0x080043a4   0x0000000e   Code   RO         4684    i.__scatterload_copy  mc_w.l(handlers.o)
    0x080043b2   0x080043b2   0x00000002   Code   RO         4685    i.__scatterload_null  mc_w.l(handlers.o)
    0x080043b4   0x080043b4   0x0000000e   Code   RO         4686    i.__scatterload_zeroinit  mc_w.l(handlers.o)
    0x080043c2   0x080043c2   0x00000002   PAD
    0x080043c4   0x080043c4   0x00000184   Code   RO         4504    i._fp_digits        mc_w.l(printfa.o)
    0x08004548   0x08004548   0x000006b4   Code   RO         4505    i._printf_core      mc_w.l(printfa.o)
    0x08004bfc   0x08004bfc   0x00000024   Code   RO         4506    i._printf_post_padding  mc_w.l(printfa.o)
    0x08004c20   0x08004c20   0x0000002e   Code   RO         4507    i._printf_pre_padding  mc_w.l(printfa.o)
    0x08004c4e   0x08004c4e   0x0000000a   Code   RO         4509    i._sputc            mc_w.l(printfa.o)
    0x08004c58   0x08004c58   0x00000044   Code   RO          383    i.delay_init        delay.o
    0x08004c9c   0x08004c9c   0x0000004c   Code   RO          384    i.delay_ms          delay.o
    0x08004ce8   0x08004ce8   0x0000004c   Code   RO          385    i.delay_us          delay.o
    0x08004d34   0x08004d34   0x0000001c   Code   RO          475    i.fputc             usart.o
    0x08004d50   0x08004d50   0x00000050   Code   RO         4525    i.free              mc_w.l(malloc.o)
    0x08004da0   0x08004da0   0x00000050   Code   RO         4083    i.iic_Ack           myiic.o
    0x08004df0   0x08004df0   0x00000018   Code   RO         4084    i.iic_Init          myiic.o
    0x08004e08   0x08004e08   0x00000050   Code   RO         4085    i.iic_NAck          myiic.o
    0x08004e58   0x08004e58   0x00000070   Code   RO         4087    i.iic_Read_Byte     myiic.o
    0x08004ec8   0x08004ec8   0x00000068   Code   RO         4089    i.iic_Send_Byte     myiic.o
    0x08004f30   0x08004f30   0x0000004c   Code   RO         4090    i.iic_Start         myiic.o
    0x08004f7c   0x08004f7c   0x0000004c   Code   RO         4091    i.iic_Stop          myiic.o
    0x08004fc8   0x08004fc8   0x00000064   Code   RO         4092    i.iic_Wait_Ack      myiic.o
    0x0800502c   0x0800502c   0x00000810   Code   RO            7    i.main              main.o
    0x0800583c   0x0800583c   0x0000006c   Code   RO         4526    i.malloc            mc_w.l(malloc.o)
    0x080058a8   0x080058a8   0x00000052   Code   RO         4012    i.max30102_Bus_Read  max30102.o
    0x080058fa   0x080058fa   0x00000044   Code   RO         4013    i.max30102_Bus_Write  max30102.o
    0x0800593e   0x0800593e   0x00000080   Code   RO         4014    i.max30102_FIFO_ReadBytes  max30102.o
    0x080059be   0x080059be   0x00000064   Code   RO         4016    i.max30102_init     max30102.o
    0x08005a22   0x08005a22   0x00000014   Code   RO         4017    i.max30102_reset    max30102.o
    0x08005a36   0x08005a36   0x00000042   Code   RO         4161    i.maxim_find_peaks  algorithm.o
    0x08005a78   0x08005a78   0x00000500   Code   RO         4162    i.maxim_heart_rate_and_oxygen_saturation  algorithm.o
    0x08005f78   0x08005f78   0x0000007a   Code   RO         4163    i.maxim_peaks_above_min_height  algorithm.o
    0x08005ff2   0x08005ff2   0x00000072   Code   RO         4164    i.maxim_remove_close_peaks  algorithm.o
    0x08006064   0x08006064   0x00000036   Code   RO         4165    i.maxim_sort_ascend  algorithm.o
    0x0800609a   0x0800609a   0x00000040   Code   RO         4166    i.maxim_sort_indices_descend  algorithm.o
    0x080060da   0x080060da   0x00000008   Code   RO         3895    i.show              oled.o
    0x080060e2   0x080060e2   0x00000002   PAD
    0x080060e4   0x080060e4   0x000000a4   Code   RO          476    i.uart_init         usart.o
    0x08006188   0x08006188   0x00003cfe   Data   RO         3896    .constdata          oled.o
    0x08009e86   0x08009e86   0x000000f6   Data   RO         4168    .constdata          algorithm.o
    0x08009f7c   0x08009f7c   0x00000081   Data   RO         4644    .constdata          mc_w.l(ctype_o.o)
    0x08009ffd   0x08009ffd   0x00000003   PAD
    0x0800a000   0x0800a000   0x00000004   Data   RO         4645    .constdata          mc_w.l(ctype_o.o)
    0x0800a004   0x0800a004   0x00000020   Data   RO         4682    Region$$Table       anon$$obj.o


    Execution Region ER_RW (Exec base: 0x20000000, Load base: 0x0800a024, Size: 0x00000c14, Max: 0xffffffff, ABSOLUTE, COMPRESSED[0x0000072c])

    Exec Addr    Load Addr    Size         Type   Attr      Idx    E Section Name        Object

    0x20000000   COMPRESSED   0x0000008b   Data   RW           11    .data               main.o
    0x2000008b   COMPRESSED   0x00000001   PAD
    0x2000008c   COMPRESSED   0x00000014   Data   RW          353    .data               system_stm32f10x.o
    0x200000a0   COMPRESSED   0x00000004   Data   RW          386    .data               delay.o
    0x200000a4   COMPRESSED   0x0000000a   Data   RW          478    .data               usart.o
    0x200000ae   COMPRESSED   0x00000014   Data   RW          911    .data               stm32f10x_rcc.o
    0x200000c2   COMPRESSED   0x00000004   Data   RW         3526    .data               esp8266.o
    0x200000c6   COMPRESSED   0x00000b40   Data   RW         3897    .data               oled.o
    0x20000c06   COMPRESSED   0x00000002   PAD
    0x20000c08   COMPRESSED   0x00000004   Data   RW         4601    .data               mc_w.l(mvars.o)
    0x20000c0c   COMPRESSED   0x00000004   Data   RW         4602    .data               mc_w.l(mvars.o)
    0x20000c10   COMPRESSED   0x00000004   Data   RW         4606    .data               mc_w.l(errno.o)


    Execution Region ER_ZI (Exec base: 0x20000c14, Load base: 0x0800a750, Size: 0x00002f64, Max: 0xffffffff, ABSOLUTE)

    Exec Addr    Load Addr    Size         Type   Attr      Idx    E Section Name        Object

    0x20000c14        -       0x00001040   Zero   RW           10    .bss                main.o
    0x20001c54        -       0x00000141   Zero   RW          477    .bss                usart.o
    0x20001d95        -       0x00000080   Zero   RW         3525    .bss                esp8266.o
    0x20001e15   0x0800a750   0x00000003   PAD
    0x20001e18        -       0x00001760   Zero   RW         4167    .bss                algorithm.o
    0x20003578        -       0x00000200   Zero   RW          543    HEAP                startup_stm32f10x_md.o
    0x20003778        -       0x00000400   Zero   RW          542    STACK               startup_stm32f10x_md.o


==============================================================================

Image component sizes


      Code (inc. data)   RO Data    RW Data    ZI Data      Debug   Object Name

       340         20          0          0          0       1888   adc.o
      1700         30        246          0       5984       8345   algorithm.o
       220         26          0          4          0     214903   delay.o
      1200        242          0          4        128       7329   esp8266.o
        68          4          0          0          0       1502   key.o
       128         18          0          0          0        631   led.o
      2512        426          0        139       4160     251122   main.o
       474          4          0          0          0       4779   max30102.o
       172         22          0          0          0       2481   misc.o
      1870         28          0          0          0      14173   mqttkit.o
       652        106          0          0          0       5054   myiic.o
      3698        348      15614       2880          0      14387   oled.o
      3192        676          0          0          0       8666   onenet.o
        36          8        236          0       1536        856   startup_stm32f10x_md.o
       390         10          0          0          0       8469   stm32f10x_adc.o
       416          8          0          0          0       3846   stm32f10x_dma.o
       314          0          0          0          0       4884   stm32f10x_gpio.o
       486         20          0          0          0       8223   stm32f10x_i2c.o
        24          0          0          0          0      66108   stm32f10x_it.o
       364         50          0         20          0       6978   stm32f10x_rcc.o
       246         42          0          0          0       4194   stm32f10x_tim.o
       460          6          0          0          0       7695   stm32f10x_usart.o
         0          0          0          0          0         32   sys.o
       328         28          0         20          0       2617   system_stm32f10x.o
       372         40          0         10        321       5771   usart.o

    ----------------------------------------------------------------------
     19694       2162      16128       3080      12132     654933   Object Totals
         0          0         32          0          0          0   (incl. Generated)
        32          0          0          3          3          0   (incl. Padding)

    ----------------------------------------------------------------------

      Code (inc. data)   RO Data    RW Data    ZI Data      Debug   Library Member Name

        86          0          0          0          0          0   __dczerorl2.o
        28          0          0          0          0         68   _chval.o
       158          0          0          0          0         92   _strtoul.o
        26          0          0          0          0         80   atoi.o
         8          4        133          0          0         68   ctype_o.o
         0          0          0          0          0          0   entry.o
         0          0          0          0          0          0   entry10a.o
         0          0          0          0          0          0   entry11a.o
         4          0          0          0          0          0   entry12b.o
         8          4          0          0          0          0   entry2.o
         4          0          0          0          0          0   entry5.o
         0          0          0          0          0          0   entry7b.o
         0          0          0          0          0          0   entry8b.o
         8          4          0          0          0          0   entry9a.o
         8          4          0          4          0         68   errno.o
        30          0          0          0          0          0   handlers.o
        36          8          0          0          0         68   init.o
         0          0          0          0          0          0   iusefp.o
        30          0          0          0          0         68   llshl.o
        36          0          0          0          0         68   llsshr.o
        32          0          0          0          0         68   llushr.o
       188         20          0          0          0        160   malloc.o
        36          0          0          0          0         68   memcpya.o
        36          0          0          0          0        108   memseta.o
         0          0          0          8          0          0   mvars.o
      2268         96          0          0          0        616   printfa.o
        24          0          0          0          0         68   strcat.o
        20          0          0          0          0         68   strchr.o
        18          0          0          0          0         68   strcpy.o
        14          0          0          0          0         68   strlen.o
        40          0          0          0          0         76   strncat.o
        36          0          0          0          0         80   strstr.o
       112          0          0          0          0         88   strtol.o
        44          0          0          0          0         80   uidiv.o
        98          0          0          0          0         92   uldiv.o
        48          0          0          0          0         68   cdrcmple.o
        20          0          0          0          0         68   cfcmple.o
        20          0          0          0          0         68   cfrcmple.o
       334          0          0          0          0        148   dadd.o
       222          0          0          0          0        100   ddiv.o
       186          0          0          0          0        176   depilogue.o
        48          0          0          0          0         68   dfixul.o
       228          0          0          0          0         96   dmul.o
        38          0          0          0          0         68   f2d.o
       124          0          0          0          0         88   fdiv.o
       110          0          0          0          0        168   fepilogue.o
        50          0          0          0          0         68   ffixi.o
        40          0          0          0          0         68   ffixui.o
        18          0          0          0          0         68   fflti.o
        10          0          0          0          0         68   ffltui.o
       100          0          0          0          0         76   fmul.o

    ----------------------------------------------------------------------
      5038        140        136         12          0       3752   Library Totals
         6          0          3          0          0          0   (incl. Padding)

    ----------------------------------------------------------------------

      Code (inc. data)   RO Data    RW Data    ZI Data      Debug   Library Name

      3436        140        133         12          0       2288   mc_w.l
      1596          0          0          0          0       1464   mf_w.l

    ----------------------------------------------------------------------
      5038        140        136         12          0       3752   Library Totals

    ----------------------------------------------------------------------

==============================================================================


      Code (inc. data)   RO Data    RW Data    ZI Data      Debug   

     24732       2302      16264       3092      12132     649869   Grand Totals
     24732       2302      16264       1836      12132     649869   ELF Image Totals (compressed)
     24732       2302      16264       1836          0          0   ROM Totals

==============================================================================

    Total RO  Size (Code + RO Data)                40996 (  40.04kB)
    Total RW  Size (RW Data + ZI Data)             15224 (  14.87kB)
    Total ROM Size (Code + RO Data + RW Data)      42832 (  41.83kB)

==============================================================================

